
[1m[46m RUN [49m[22m [36mv4.0.8 [39m[90mC:/Users/Kh Raj Rahman/sleekapp-v100-1[39m

node.exe : 
At line:1 char:1
+ & "C:\Program Files
\nodejs/node.exe" 
"C:\Users\Kh Raj 
Rahman\AppData\ ...
+ ~~~~~~~~~~~~~~~~~~~
~~~~~~~~~~~~~~~~~~~~~
~~~~~~~~~~~~~~~~~~~~~
~~~~~~~~
    + CategoryInfo   
           : NotSpe  
  cified: (:String   
 ) [], RemoteExce    
ption
    + FullyQualified 
   ErrorId : Native  
  CommandError
 
[31mΓÄ»ΓÄ»ΓÄ»ΓÄ»ΓÄ»Γ
Ä»[39m[1m[41m 
Failed Suites 1 [49m
[22m[31mΓÄ»ΓÄ»ΓÄ»ΓÄ
»ΓÄ»ΓÄ»ΓÄ»[39m

[41m[1m FAIL 
[22m[49m src/hooks/
__tests__/useAdminAut
h.test.ts[2m [ src/h
ooks/__tests__/useAdm
inAuth.test.ts ][22m
[31m[1mError[22m: 
[vitest] There was 
an error when 
mocking a module. If 
you are using 
"vi.mock" factory, 
make sure there are 
no top level 
variables inside, 
since this call is 
hoisted to top of 
the file. Read more: 
https://vitest.dev/ap
i/vi.html#vi-mock[39
m
[36m [2mΓ¥»[22m sr
c/hooks/useAdminAuth.
ts:[2m2:1[22m[39m
    [90m  1| [39m[
35mimport[39m { 
useState[33m,[39m 
useEffect } 
[35mfrom[39m [32m'
react'[39m[33m;[39
m
    [90m  2| [39m[
35mimport[39m { 
supabase } 
[35mfrom[39m [32m'
@/integrations/supaba
se/client'[39m[33m;
[39m
    [90m   | 
[39m[31m^[39m
    [90m  3| [39m[
35mimport[39m { 
useNavigate } 
[35mfrom[39m [32m'
react-router-dom'[39
m[33m;[39m
    [90m  4| [39m

[31m[1mCaused by: 
ReferenceError[22m: 
Cannot access 
'__vi_import_2__' 
before 
initialization[39m
[36m [2mΓ¥»[22m sr
c/hooks/__tests__/use
AdminAuth.test.ts:[2
m8:13[22m[39m
[90m [2mΓ¥»[22m sr
c/hooks/useAdminAuth.
ts:[2m2:1[22m[39m

[31m[2mΓÄ»ΓÄ»ΓÄ»ΓÄ»
ΓÄ»ΓÄ»ΓÄ»ΓÄ»ΓÄ»ΓÄ»ΓÄ»
ΓÄ»ΓÄ»ΓÄ»ΓÄ»ΓÄ»ΓÄ»ΓÄ»
ΓÄ»ΓÄ»ΓÄ»ΓÄ»ΓÄ»ΓÄ»[1/
1]ΓÄ»[22m[39m


[2m Test Files [22m [1m[31m1 failed[39m[22m[90m (1)[39m
[2m      Tests [22m [2mno tests[22m
[2m   Start at [22m 16:05:56
[2m   Duration [22m 4.64s[2m (transform 209ms, setup 829ms, collect 0ms, tests 0ms, environment 1.86s, prepare 40ms)[22m

